=== Test 1: Basic LLM connectivity ===
SUCCESS! Response: OK
Model used: gemini-3-flash

=== Test 2: Vision analysis of WeChat screenshot ===
Screenshot loaded, sending to LLM...
